Session:  main done 
> you: what is 2+2?                                                             
  The answer is 4.                                                              
                                                                                
                                                                                
                                                                                
                                                                                
                                                                                
                                                                                
                                                                                
                                                                                
                                                                                
                                                                                
                                                                                
                                                                                
                                                                                
                                                                                
                                                                                
                                                                                
                                                                                
┃ Type a message...                                                             
┃                                                                               
┃                                                                               
main · ? · ░░░░░░░░░░ 0/128.0k (0%)