Session:  main done 
> you: hello world                                                              
                                                                                
                                                                                
                                                                                
                                                                                
                                                                                
                                                                                
                                                                                
                                                                                
                                                                                
                                                                                
                                                                                
                                                                                
                                                                                
                                                                                
                                                                                
                                                                                
                                                                                
                                                                                
┃ Type a message...                                                             
┃                                                                               
┃                                                                               
main · ? · ░░░░░░░░░░ 0/128.0k (0%)