Session:  main done 
Configuration
----------------------------------------

Model Configs:
  (none)

Settings:
  defaultModel                      [default]
  shellTimeoutMs       0            [default]
  maxShellTimeoutMs    0            [default]
  contextWarnPct       0            [default]
  contextCritPct       0            [default]
  renderThrottleMs     0            [default]
  systemPrompt         (not set)    [default]
  retryBackoffMs       []           [default]

Actions:

> [7m [0m
-> Edit global config                                    ~/.gohome/settings.json
   Edit project config                                   ./.gohome/settings.json
   Run setup wizard                                      guided first-time setup
main · ? · ░░░░░░░░░░ 0/128.0k (0%)