Session:  main done 
> edit {"path":"/var/folders/9b/nm1tcw5s1t3bqsrtns_kpmnm0000gn/T... -> edit: rep
  ╭──────────────────────────────────────────────────────────────────────────╮
  │ [2m1    line1[0m                                                               │
  │ [2m2    line2[0m                                                               │
  │ [31m3  - func Old() {[0m                                                        │
  │ [32m3  + func New() {[0m                                                        │
  │ [2m4    line4[0m                                                               │
  │ [2m5    line5[0m                                                               │
  ╰──────────────────────────────────────────────────────────────────────────╯
────────────────────────────────────────────────────────────────────────────────
[7m [0m


────────────────────────────────────────────────────────────────────────────────
main · ? · ░░░░░░░░░░ 0/128.0k (0%)