[?25l[?2004hSession:  main done [K
                                                                                
                                                                                
                                                                                
                                                                                
                                                                                
                                                                                
                                                                                
                                                                                
                                                                                
                                                                                
                                                                                
                                                                                
                                                                                
                                                                                
                                                                                
                                                                                
                                                                                
                                                                                
                                                                                
┃ Type a message...                                                             
┃                                                                               
┃                                                                               
main · ? · ░░░░░░░░░░ 0/128.0k (0%)[K[2K[?2004l[?25h[?1002l[?1003l[?1006l