Session:  main done 
╔════════════════════════════════════════════════════════════════════════════╗
║ [sub-1] SUDO PASSWORD REQUIRED                                             ║
║ sudo systemctl restart nginx                                               ║
║                                                                            ║
║ Password:                                                                  ║
║                                                                            ║
║ Enter: run | Esc: back | Ctrl+C: deny                                      ║
╚════════════════════════════════════════════════════════════════════════════╝
main · ? · ░░░░░░░░░░ 0/128.0k (0%)                         sudo password needed