Session:  main done 
> ┃subagent: {"task":"investigate"}                                            
      ┃[2m$ find . -name '*.go' -> 5 lines[0m                                         
      ┃  [2mfile3.go[0m                                                               
      ┃  [2mfile4.go[0m                                                               
      ┃  [2mfile5.go[0m                                                               
      ┃  [2m... (2 earlier lines, enter to expand)[0m                                 
────────────────────────────────────────────────────────────────────────────────
[7m [0m


────────────────────────────────────────────────────────────────────────────────
main · ? · ░░░░░░░░░░ 0/128.0k (0%)