Session:  main done   sub1 done 
                                                                                
                                                                                
                                                                                
                                                                                
                                                                                
                                                                                
                                                                                
                                                                                
                                                                                
                                                                                
                                                                                
                                                                                
                                                                                
                                                                                
                                                                                
                                                                                
                                                                                
                                                                                
                                                                                
┃ Type a message...                                                             
┃                                                                               
┃                                                                               
main · ? · ░░░░░░░░░░ 0/128.0k (0%)