[?25l[?2004hSession:  main done [K
                                                                                
                                                                                
                                                                                
                                                                                
                                                                                
                                                                                
                                                                                
                                                                                
                                                                                
                                                                                
                                                                                
                                                                                
                                                                                
                                                                                
                                                                                
                                                                                
                                                                                
                                                                                
                                                                                
┃ Type a message...                                                             
┃                                                                               
┃                                                                               
main · claude-3-5-sonnet · ░░░░░░░░░░ 0/100.0k (0%)[K[23A






















main · claude-3-5-sonnet · ░░░░░░░░░░ 6.0k/100.0k (6%)[K[23A
Token usage -- main -- claude-3-5-sonnet[K
  Input tokens    5000[K
  Output tokens   1000[K
  Cache reads     200[K
  Cache writes    50[K
  --------------------[K
  Total           6000 / 100000 (6%)[K
  Esc to close[K
main · claude-3-5-sonnet · ░░░░░░░░░░ 6.0k/100.0k (6%)[K[J[2K[?2004l[?25h[?1002l[?1003l[?1006l