[?25l[?2004h                                                                                
                                                                                
                                                                                
                                                                                
                                                                                
                                                                                
                                                                                
                                                                                
                                                                                
                                                                                
                                                                                
                                                                                
╭────────────────────────────────────────────────────────────────────────────╮[K
│ Approve tool call -- main                                                  │[K
│ Tool: bash                                                                 │[K
│ Command: ls -la                                                            │[K
│                                                                            │[K
│ [1] Allow once                                                             │[K
│ [2] Allow always   pattern: ls*  (e to edit)                               │[K
│ [3] Deny                                                                   │[K
│ [4] Deny + steer                                                           │[K
│ Esc: deny                                                                  │[K
╰────────────────────────────────────────────────────────────────────────────╯[K
main · ? · ░░░░░░░░░░ 0/128.0k (0%)[K[2K[?2004l[?25h[?1002l[?1003l[?1006l